   ▲ Next.js 15.4.11
   - Environments: .env

   Creating an optimized production build ...
 ✓ Compiled successfully in 5.0s
   Skipping linting
   Checking validity of types ...
Failed to compile.

./src/app/api/reports/attendance/route.ts:58:26
Type error: Parameter 'attendance' implicitly has an 'any' type.

  56 |     const studentAttendanceMap = new Map<string, any>();
  57 |
> 58 |     attendances.forEach((attendance) => {
     |                          ^
  59 |       if (!attendance.studentProfileId || !attendance.studentProfile) return;
  60 |
  61 |       const studentId = attendance.studentProfileId;
Next.js build worker exited with code: 1 and signal: null
