
> pathshala-pro@0.1.0 test:run
> vitest run


[1m[46m RUN [49m[22m [36mv4.1.2 [39m[90mD:/my project/PathshalaProSchoolManagementSystemERP/Pathshala-Pro[39m

 [32m✓[39m src/lib/i18n-parity-and-interpolation.test.ts [2m([22m[2m9 tests[22m[2m)[22m[32m 208[2mms[22m[39m
 [32m✓[39m src/lib/auth-crypto.test.ts [2m([22m[2m4 tests[22m[2m)[22m[33m 4429[2mms[22m[39m
       [33m[2m✓[22m[39m hashes plaintext passwords securely using bcrypt [33m 717[2mms[22m[39m
       [33m[2m✓[22m[39m verifies matching password against generated hash [33m 1889[2mms[22m[39m
       [33m[2m✓[22m[39m rejects incorrect password against generated hash [33m 1731[2mms[22m[39m
 [32m✓[39m src/components/ui/button.test.tsx [2m([22m[2m3 tests[22m[2m)[22m[33m 1196[2mms[22m[39m
     [33m[2m✓[22m[39m renders children and handles onClick when not loading [33m 1038[2mms[22m[39m
 [32m✓[39m src/lib/dropdown-search-contracts.test.tsx [2m([22m[2m5 tests[22m[2m)[22m[33m 2927[2mms[22m[39m
     [33m[2m✓[22m[39m renders a standard dropdown button with placeholder [33m 1927[2mms[22m[39m
     [33m[2m✓[22m[39m automatically renders a search input when options count > 5 [33m 478[2mms[22m[39m
 [32m✓[39m src/components/reports/report-charts.test.tsx [2m([22m[2m7 tests[22m[2m)[22m[33m 1286[2mms[22m[39m
     [33m[2m✓[22m[39m renders real translated labels in en [33m 774[2mms[22m[39m
 [32m✓[39m src/lib/date-validation.test.ts [2m([22m[2m29 tests[22m[2m)[22m[32m 30[2mms[22m[39m
 [32m✓[39m src/components/shared/academic-student-selector.test.tsx [2m([22m[2m4 tests[22m[2m)[22m[33m 2533[2mms[22m[39m
     [33m[2m✓[22m[39m renders with disabled section and student when no class is selected [33m 1894[2mms[22m[39m
[90mstdout[2m | src/lib/pdf-excel-analytics.test.ts[2m > [22m[2mPDF Templates, Excel Exports & Analytics Engine[2m > [22m[2mExcel Export Service[2m > [22m[2mgenerates a valid XLSX buffer for Fee Collection Daybook
[22m[39mprisma:error 
Invalid `prisma.transaction.findMany()` invocation:


Can't reach database server at `ep-plain-star-az8dg6hm-pooler.c-3.ap-southeast-1.aws.neon.tech:5432`

Please make sure your database server is running at `ep-plain-star-az8dg6hm-pooler.c-3.ap-southeast-1.aws.neon.tech:5432`.

 [32m✓[39m src/lib/promotion-exam-lock.test.ts [2m([22m[2m4 tests[22m[2m)[22m[32m 6[2mms[22m[39m
 [32m✓[39m src/lib/rate-limit.test.ts [2m([22m[2m10 tests[22m[2m)[22m[32m 39[2mms[22m[39m
[90mstdout[2m | src/lib/pdf-excel-analytics.test.ts[2m > [22m[2mPDF Templates, Excel Exports & Analytics Engine[2m > [22m[2mExcel Export Service[2m > [22m[2mgenerates a valid XLSX buffer for Academic Tabulation Sheet
[22m[39mprisma:error 
Invalid `prisma.class.findFirst()` invocation:


Can't reach database server at `ep-plain-star-az8dg6hm-pooler.c-3.ap-southeast-1.aws.neon.tech:5432`

Please make sure your database server is running at `ep-plain-star-az8dg6hm-pooler.c-3.ap-southeast-1.aws.neon.tech:5432`.
prisma:error 
Invalid `prisma.subject.findMany()` invocation:


Can't reach database server at `ep-plain-star-az8dg6hm-pooler.c-3.ap-southeast-1.aws.neon.tech:5432`

Please make sure your database server is running at `ep-plain-star-az8dg6hm-pooler.c-3.ap-southeast-1.aws.neon.tech:5432`.
prisma:error 
Invalid `prisma.examResult.findMany()` invocation:


Can't reach database server at `ep-plain-star-az8dg6hm-pooler.c-3.ap-southeast-1.aws.neon.tech:5432`

Please make sure your database server is running at `ep-plain-star-az8dg6hm-pooler.c-3.ap-southeast-1.aws.neon.tech:5432`.

[90mstdout[2m | src/lib/pdf-excel-analytics.test.ts[2m > [22m[2mPDF Templates, Excel Exports & Analytics Engine[2m > [22m[2mExecutive Analytics Service[2m > [22m[2mcomputes executive dashboard metrics and trends
[22m[39mprisma:error 
Invalid `prisma.studentProfile.count()` invocation:


Can't reach database server at `ep-plain-star-az8dg6hm-pooler.c-3.ap-southeast-1.aws.neon.tech:5432`

Please make sure your database server is running at `ep-plain-star-az8dg6hm-pooler.c-3.ap-southeast-1.aws.neon.tech:5432`.
prisma:error 
Invalid `prisma.staffProfile.count()` invocation:


Can't reach database server at `ep-plain-star-az8dg6hm-pooler.c-3.ap-southeast-1.aws.neon.tech:5432`

Please make sure your database server is running at `ep-plain-star-az8dg6hm-pooler.c-3.ap-southeast-1.aws.neon.tech:5432`.
prisma:error 
Invalid `prisma.attendance.count()` invocation:


Can't reach database server at `ep-plain-star-az8dg6hm-pooler.c-3.ap-southeast-1.aws.neon.tech:5432`

Please make sure your database server is running at `ep-plain-star-az8dg6hm-pooler.c-3.ap-southeast-1.aws.neon.tech:5432`.
prisma:error 
Invalid `prisma.attendance.count()` invocation:


Can't reach database server at `ep-plain-star-az8dg6hm-pooler.c-3.ap-southeast-1.aws.neon.tech:5432`

Please make sure your database server is running at `ep-plain-star-az8dg6hm-pooler.c-3.ap-southeast-1.aws.neon.tech:5432`.

[90mstdout[2m | src/lib/pdf-excel-analytics.test.ts[2m > [22m[2mPDF Templates, Excel Exports & Analytics Engine[2m > [22m[2mExecutive Analytics Service[2m > [22m[2mcomputes executive dashboard metrics and trends
[22m[39mprisma:error 
Invalid `prisma.chartOfAccount.findMany()` invocation:


Can't reach database server at `ep-plain-star-az8dg6hm-pooler.c-3.ap-southeast-1.aws.neon.tech:5432`

Please make sure your database server is running at `ep-plain-star-az8dg6hm-pooler.c-3.ap-southeast-1.aws.neon.tech:5432`.
prisma:error 
Invalid `prisma.journalLineItem.findMany()` invocation:


Can't reach database server at `ep-plain-star-az8dg6hm-pooler.c-3.ap-southeast-1.aws.neon.tech:5432`

Please make sure your database server is running at `ep-plain-star-az8dg6hm-pooler.c-3.ap-southeast-1.aws.neon.tech:5432`.

[90mstdout[2m | src/lib/pdf-excel-analytics.test.ts[2m > [22m[2mPDF Templates, Excel Exports & Analytics Engine[2m > [22m[2mExecutive Analytics Service[2m > [22m[2mcomputes executive dashboard metrics and trends
[22m[39mprisma:error 
Invalid `prisma.journalLineItem.findMany()` invocation:


Can't reach database server at `ep-plain-star-az8dg6hm-pooler.c-3.ap-southeast-1.aws.neon.tech:5432`

Please make sure your database server is running at `ep-plain-star-az8dg6hm-pooler.c-3.ap-southeast-1.aws.neon.tech:5432`.

[90mstdout[2m | src/lib/pdf-excel-analytics.test.ts[2m > [22m[2mPDF Templates, Excel Exports & Analytics Engine[2m > [22m[2mExecutive Analytics Service[2m > [22m[2mcomputes executive dashboard metrics and trends
[22m[39mprisma:error 
Invalid `prisma.journalLineItem.findMany()` invocation:


Can't reach database server at `ep-plain-star-az8dg6hm-pooler.c-3.ap-southeast-1.aws.neon.tech:5432`

Please make sure your database server is running at `ep-plain-star-az8dg6hm-pooler.c-3.ap-southeast-1.aws.neon.tech:5432`.

[90mstdout[2m | src/lib/pdf-excel-analytics.test.ts[2m > [22m[2mPDF Templates, Excel Exports & Analytics Engine[2m > [22m[2mExecutive Analytics Service[2m > [22m[2mcomputes executive dashboard metrics and trends
[22m[39mprisma:error 
Invalid `prisma.journalLineItem.findMany()` invocation:


Can't reach database server at `ep-plain-star-az8dg6hm-pooler.c-3.ap-southeast-1.aws.neon.tech:5432`

Please make sure your database server is running at `ep-plain-star-az8dg6hm-pooler.c-3.ap-southeast-1.aws.neon.tech:5432`.

[90mstdout[2m | src/lib/pdf-excel-analytics.test.ts[2m > [22m[2mPDF Templates, Excel Exports & Analytics Engine[2m > [22m[2mExecutive Analytics Service[2m > [22m[2mcomputes executive dashboard metrics and trends
[22m[39mprisma:error 
Invalid `prisma.journalLineItem.findMany()` invocation:


Can't reach database server at `ep-plain-star-az8dg6hm-pooler.c-3.ap-southeast-1.aws.neon.tech:5432`

Please make sure your database server is running at `ep-plain-star-az8dg6hm-pooler.c-3.ap-southeast-1.aws.neon.tech:5432`.

[90mstdout[2m | src/lib/pdf-excel-analytics.test.ts[2m > [22m[2mPDF Templates, Excel Exports & Analytics Engine[2m > [22m[2mExecutive Analytics Service[2m > [22m[2mcomputes executive dashboard metrics and trends
[22m[39mprisma:error 
Invalid `prisma.journalLineItem.findMany()` invocation:


Can't reach database server at `ep-plain-star-az8dg6hm-pooler.c-3.ap-southeast-1.aws.neon.tech:5432`

Please make sure your database server is running at `ep-plain-star-az8dg6hm-pooler.c-3.ap-southeast-1.aws.neon.tech:5432`.

[90mstdout[2m | src/lib/pdf-excel-analytics.test.ts[2m > [22m[2mPDF Templates, Excel Exports & Analytics Engine[2m > [22m[2mExecutive Analytics Service[2m > [22m[2mcomputes executive dashboard metrics and trends
[22m[39mprisma:error 
Invalid `prisma.journalLineItem.findMany()` invocation:


Can't reach database server at `ep-plain-star-az8dg6hm-pooler.c-3.ap-southeast-1.aws.neon.tech:5432`

Please make sure your database server is running at `ep-plain-star-az8dg6hm-pooler.c-3.ap-southeast-1.aws.neon.tech:5432`.

 [32m✓[39m src/lib/pdf-excel-analytics.test.ts [2m([22m[2m7 tests[22m[2m)[22m[33m 731[2mms[22m[39m
       [33m[2m✓[22m[39m generates a valid XLSX buffer for Fee Collection Daybook [33m 490[2mms[22m[39m
 [32m✓[39m src/lib/classes-api.test.ts [2m([22m[2m10 tests[22m[2m)[22m[32m 72[2mms[22m[39m
 [32m✓[39m src/lib/academic-year-isolation.test.ts [2m([22m[2m13 tests[22m[2m)[22m[32m 34[2mms[22m[39m
 [32m✓[39m src/lib/subscription-access.test.ts [2m([22m[2m16 tests[22m[2m)[22m[32m 69[2mms[22m[39m
 [32m✓[39m src/lib/api-response.test.ts [2m([22m[2m6 tests[22m[2m)[22m[32m 106[2mms[22m[39m
 [32m✓[39m src/lib/schemas.test.ts [2m([22m[2m12 tests[22m[2m)[22m[32m 74[2mms[22m[39m
 [32m✓[39m src/lib/currencies-academic.test.ts [2m([22m[2m8 tests[22m[2m)[22m[32m 237[2mms[22m[39m
 [32m✓[39m src/lib/permissions.test.ts [2m([22m[2m31 tests[22m[2m)[22m[32m 130[2mms[22m[39m
 [32m✓[39m src/lib/onboarding.test.ts [2m([22m[2m15 tests[22m[2m)[22m[32m 47[2mms[22m[39m
 [32m✓[39m src/lib/pdf-fonts.test.ts [2m([22m[2m12 tests[22m[2m)[22m[32m 25[2mms[22m[39m
 [32m✓[39m src/lib/subscription-i18n.test.ts [2m([22m[2m4 tests[22m[2m)[22m[32m 147[2mms[22m[39m
 [31m❯[39m src/app/(dashboard)/academic/classes/page.test.tsx [2m([22m[2m4 tests[22m[2m | [22m[31m1 failed[39m[2m)[22m[33m 209188[2mms[22m[39m
[31m     [31m×[31m selects and deselects a subject without a bubbling-click loop[39m[33m 207711[2mms[22m[39m
     [33m[2m✓[22m[39m saves an empty subject selection [33m 610[2mms[22m[39m
     [33m[2m✓[22m[39m shows subject-save failures instead of reporting success [33m 612[2mms[22m[39m
     [32m✓[39m keeps assigned subjects selected when the edit tab mounts[32m 249[2mms[22m[39m
 [32m✓[39m src/lib/calendar-recurrence.test.ts [2m([22m[2m11 tests[22m[2m)[22m[32m 14[2mms[22m[39m
 [32m✓[39m src/lib/math-utils.test.ts [2m([22m[2m6 tests[22m[2m)[22m[32m 12[2mms[22m[39m
 [32m✓[39m src/lib/auxiliary-service.test.ts [2m([22m[2m7 tests[22m[2m)[22m[32m 45[2mms[22m[39m
 [32m✓[39m src/lib/db-retry.test.ts [2m([22m[2m4 tests[22m[2m)[22m[32m 55[2mms[22m[39m
 [32m✓[39m src/lib/hostel.test.ts [2m([22m[2m3 tests[22m[2m)[22m[32m 6[2mms[22m[39m
 [32m✓[39m src/lib/accounting-reports.test.ts [2m([22m[2m4 tests[22m[2m)[22m[32m 11[2mms[22m[39m
 [32m✓[39m src/lib/notices.test.ts [2m([22m[2m10 tests[22m[2m)[22m[32m 16[2mms[22m[39m
 [32m✓[39m src/lib/admission-service.test.ts [2m([22m[2m5 tests[22m[2m)[22m[32m 15[2mms[22m[39m
 [32m✓[39m src/lib/platform-owner.test.ts [2m([22m[2m3 tests[22m[2m)[22m[32m 10[2mms[22m[39m
 [32m✓[39m src/lib/notifications.test.ts [2m([22m[2m3 tests[22m[2m)[22m[32m 10[2mms[22m[39m
 [32m✓[39m src/lib/class-subjects-cascading.test.ts [2m([22m[2m2 tests[22m[2m)[22m[32m 20[2mms[22m[39m
 [32m✓[39m src/lib/statements.test.ts [2m([22m[2m4 tests[22m[2m)[22m[32m 8[2mms[22m[39m
 [32m✓[39m src/lib/transport.test.ts [2m([22m[2m4 tests[22m[2m)[22m[32m 15[2mms[22m[39m
 [32m✓[39m src/lib/question-paper-studio/exam-paper-pdf-utils.test.ts [2m([22m[2m6 tests[22m[2m)[22m[32m 19[2mms[22m[39m
 [32m✓[39m src/lib/grading-ranking.test.ts [2m([22m[2m5 tests[22m[2m)[22m[32m 104[2mms[22m[39m
 [32m✓[39m src/lib/attendance-service.test.ts [2m([22m[2m5 tests[22m[2m)[22m[32m 43[2mms[22m[39m
 [32m✓[39m src/lib/fuzzy-search.test.ts [2m([22m[2m8 tests[22m[2m)[22m[32m 11[2mms[22m[39m
 [32m✓[39m src/lib/accounting.test.ts [2m([22m[2m5 tests[22m[2m)[22m[32m 28[2mms[22m[39m
 [32m✓[39m src/lib/grading.test.ts [2m([22m[2m18 tests[22m[2m)[22m[32m 35[2mms[22m[39m
 [32m✓[39m src/lib/data-integrity.test.ts [2m([22m[2m4 tests[22m[2m)[22m[32m 18[2mms[22m[39m
 [32m✓[39m src/lib/enterprise-pillars.test.ts [2m([22m[2m5 tests[22m[2m)[22m[32m 16[2mms[22m[39m
 [32m✓[39m src/lib/student-enrollment-integrity.test.ts [2m([22m[2m3 tests[22m[2m)[22m[32m 12[2mms[22m[39m
 [32m✓[39m src/components/ui/erp-components.test.tsx [2m([22m[2m3 tests[22m[2m)[22m[32m 6[2mms[22m[39m
 [32m✓[39m src/lib/salary-payslip.test.ts [2m([22m[2m4 tests[22m[2m)[22m[32m 6[2mms[22m[39m
 [32m✓[39m src/lib/api-auth.test.ts [2m([22m[2m7 tests[22m[2m)[22m[32m 9[2mms[22m[39m
 [32m✓[39m src/lib/library.test.ts [2m([22m[2m4 tests[22m[2m)[22m[32m 9[2mms[22m[39m
 [32m✓[39m src/lib/voucher-bn-probe.test.tsx [2m([22m[2m1 test[22m[2m)[22m[32m 6[2mms[22m[39m

⎯⎯⎯⎯⎯⎯⎯ Failed Tests 1 ⎯⎯⎯⎯⎯⎯⎯

 FAIL  src/app/(dashboard)/academic/classes/page.test.tsx > class subject selection > selects and deselects a subject without a bubbling-click loop
Error: Test timed out in 15000ms.
If this is a long-running test, pass a timeout value as the last argument or configure it globally with "testTimeout".
 ❯ src/app/(dashboard)/academic/classes/page.test.tsx:63:3
     61|
     62| describe("class subject selection", () => {
     63|   it("selects and deselects a subject without a bubbling-click loop", …
       |   ^
     64|     renderSubjects();
     65|     const checkbox = screen.getByRole("checkbox");

⎯⎯⎯⎯⎯⎯⎯⎯⎯⎯⎯⎯⎯⎯⎯⎯⎯⎯⎯⎯⎯⎯⎯⎯[1/1]⎯

⎯⎯⎯⎯⎯⎯ Unhandled Errors ⎯⎯⎯⎯⎯⎯

Vitest caught 26 unhandled errors during the test run.
This might cause false positive tests. Resolve unhandled errors to make sure your tests are not affected.

⎯⎯⎯⎯⎯⎯ Unhandled Error ⎯⎯⎯⎯⎯⎯⎯
Error: [vitest-pool]: Failed to start forks worker for test files D:/my project/PathshalaProSchoolManagementSystemERP/Pathshala-Pro/src/lib/math-audit-followup-2026-08-31.test.ts.
 ❯ ../../../my%20project/PathshalaProSchoolManagementSystemERP/Pathshala-Pro/node_modules/vitest/dist/chunks/cli-api.Bxr1Nn49.js:3450:94
 ❯ runNextTicks node:internal/process/task_queues:65:5
 ❯ listOnTimeout node:internal/timers:569:9
 ❯ processTimers node:internal/timers:543:7
 ❯ Pool.schedule ../../../my%20project/PathshalaProSchoolManagementSystemERP/Pathshala-Pro/node_modules/vitest/dist/chunks/cli-api.Bxr1Nn49.js:3450:5

Caused by: Error: [vitest-pool-runner]: Timeout waiting for worker to respond
 ❯ Timeout.<anonymous> ../../../my%20project/PathshalaProSchoolManagementSystemERP/Pathshala-Pro/node_modules/vitest/dist/chunks/cli-api.Bxr1Nn49.js:3030:58
 ❯ listOnTimeout node:internal/timers:608:17
 ❯ processTimers node:internal/timers:543:7


⎯⎯⎯⎯⎯⎯ Unhandled Error ⎯⎯⎯⎯⎯⎯⎯
Error: [vitest-pool]: Failed to start forks worker for test files D:/my project/PathshalaProSchoolManagementSystemERP/Pathshala-Pro/src/components/ui/top-sheet-form.test.tsx.
 ❯ ../../../my%20project/PathshalaProSchoolManagementSystemERP/Pathshala-Pro/node_modules/vitest/dist/chunks/cli-api.Bxr1Nn49.js:3450:94
 ❯ runNextTicks node:internal/process/task_queues:65:5
 ❯ listOnTimeout node:internal/timers:569:9
 ❯ processTimers node:internal/timers:543:7
 ❯ Pool.schedule ../../../my%20project/PathshalaProSchoolManagementSystemERP/Pathshala-Pro/node_modules/vitest/dist/chunks/cli-api.Bxr1Nn49.js:3450:5

Caused by: Error: [vitest-pool-runner]: Timeout waiting for worker to respond
 ❯ Timeout.<anonymous> ../../../my%20project/PathshalaProSchoolManagementSystemERP/Pathshala-Pro/node_modules/vitest/dist/chunks/cli-api.Bxr1Nn49.js:3030:58
 ❯ listOnTimeout node:internal/timers:608:17
 ❯ processTimers node:internal/timers:543:7


⎯⎯⎯⎯⎯⎯ Unhandled Error ⎯⎯⎯⎯⎯⎯⎯
Error: [vitest-pool]: Failed to start forks worker for test files D:/my project/PathshalaProSchoolManagementSystemERP/Pathshala-Pro/src/app/subscription/inactive/page.test.tsx.
 ❯ ../../../my%20project/PathshalaProSchoolManagementSystemERP/Pathshala-Pro/node_modules/vitest/dist/chunks/cli-api.Bxr1Nn49.js:3450:94
 ❯ runNextTicks node:internal/process/task_queues:65:5
 ❯ listOnTimeout node:internal/timers:569:9
 ❯ processTimers node:internal/timers:543:7
 ❯ Pool.schedule ../../../my%20project/PathshalaProSchoolManagementSystemERP/Pathshala-Pro/node_modules/vitest/dist/chunks/cli-api.Bxr1Nn49.js:3450:5

Caused by: Error: [vitest-pool-runner]: Timeout waiting for worker to respond
 ❯ Timeout.<anonymous> ../../../my%20project/PathshalaProSchoolManagementSystemERP/Pathshala-Pro/node_modules/vitest/dist/chunks/cli-api.Bxr1Nn49.js:3030:58
 ❯ listOnTimeout node:internal/timers:608:17
 ❯ processTimers node:internal/timers:543:7


⎯⎯⎯⎯⎯⎯ Unhandled Error ⎯⎯⎯⎯⎯⎯⎯
Error: [vitest-pool]: Failed to start forks worker for test files D:/my project/PathshalaProSchoolManagementSystemERP/Pathshala-Pro/src/components/ui/input.test.tsx.
 ❯ ../../../my%20project/PathshalaProSchoolManagementSystemERP/Pathshala-Pro/node_modules/vitest/dist/chunks/cli-api.Bxr1Nn49.js:3450:94
 ❯ runNextTicks node:internal/process/task_queues:65:5
 ❯ listOnTimeout node:internal/timers:569:9
 ❯ processTimers node:internal/timers:543:7
 ❯ Pool.schedule ../../../my%20project/PathshalaProSchoolManagementSystemERP/Pathshala-Pro/node_modules/vitest/dist/chunks/cli-api.Bxr1Nn49.js:3450:5

Caused by: Error: [vitest-pool-runner]: Timeout waiting for worker to respond
 ❯ Timeout.<anonymous> ../../../my%20project/PathshalaProSchoolManagementSystemERP/Pathshala-Pro/node_modules/vitest/dist/chunks/cli-api.Bxr1Nn49.js:3030:58
 ❯ listOnTimeout node:internal/timers:608:17
 ❯ processTimers node:internal/timers:543:7


⎯⎯⎯⎯⎯⎯ Unhandled Error ⎯⎯⎯⎯⎯⎯⎯
Error: [vitest-pool]: Failed to start forks worker for test files D:/my project/PathshalaProSchoolManagementSystemERP/Pathshala-Pro/src/lib/question-paper.test.ts.
 ❯ ../../../my%20project/PathshalaProSchoolManagementSystemERP/Pathshala-Pro/node_modules/vitest/dist/chunks/cli-api.Bxr1Nn49.js:3450:94
 ❯ runNextTicks node:internal/process/task_queues:65:5
 ❯ listOnTimeout node:internal/timers:569:9
 ❯ processTimers node:internal/timers:543:7
 ❯ Pool.schedule ../../../my%20project/PathshalaProSchoolManagementSystemERP/Pathshala-Pro/node_modules/vitest/dist/chunks/cli-api.Bxr1Nn49.js:3450:5

Caused by: Error: [vitest-pool-runner]: Timeout waiting for worker to respond
 ❯ Timeout.<anonymous> ../../../my%20project/PathshalaProSchoolManagementSystemERP/Pathshala-Pro/node_modules/vitest/dist/chunks/cli-api.Bxr1Nn49.js:3030:58
 ❯ listOnTimeout node:internal/timers:608:17
 ❯ processTimers node:internal/timers:543:7


⎯⎯⎯⎯⎯⎯ Unhandled Error ⎯⎯⎯⎯⎯⎯⎯
Error: [vitest-pool]: Failed to start forks worker for test files D:/my project/PathshalaProSchoolManagementSystemERP/Pathshala-Pro/src/components/providers/auth-provider.test.tsx.
 ❯ ../../../my%20project/PathshalaProSchoolManagementSystemERP/Pathshala-Pro/node_modules/vitest/dist/chunks/cli-api.Bxr1Nn49.js:3450:94
 ❯ runNextTicks node:internal/process/task_queues:65:5
 ❯ listOnTimeout node:internal/timers:569:9
 ❯ processTimers node:internal/timers:543:7
 ❯ Pool.schedule ../../../my%20project/PathshalaProSchoolManagementSystemERP/Pathshala-Pro/node_modules/vitest/dist/chunks/cli-api.Bxr1Nn49.js:3450:5

Caused by: Error: [vitest-pool-runner]: Timeout waiting for worker to respond
 ❯ Timeout.<anonymous> ../../../my%20project/PathshalaProSchoolManagementSystemERP/Pathshala-Pro/node_modules/vitest/dist/chunks/cli-api.Bxr1Nn49.js:3030:58
 ❯ listOnTimeout node:internal/timers:608:17
 ❯ processTimers node:internal/timers:543:7


⎯⎯⎯⎯⎯⎯ Unhandled Error ⎯⎯⎯⎯⎯⎯⎯
Error: [vitest-pool]: Failed to start forks worker for test files D:/my project/PathshalaProSchoolManagementSystemERP/Pathshala-Pro/src/lib/api-error.test.ts.
 ❯ ../../../my%20project/PathshalaProSchoolManagementSystemERP/Pathshala-Pro/node_modules/vitest/dist/chunks/cli-api.Bxr1Nn49.js:3450:94
 ❯ runNextTicks node:internal/process/task_queues:65:5
 ❯ listOnTimeout node:internal/timers:569:9
 ❯ processTimers node:internal/timers:543:7
 ❯ Pool.schedule ../../../my%20project/PathshalaProSchoolManagementSystemERP/Pathshala-Pro/node_modules/vitest/dist/chunks/cli-api.Bxr1Nn49.js:3450:5

Caused by: Error: [vitest-pool-runner]: Timeout waiting for worker to respond
 ❯ Timeout.<anonymous> ../../../my%20project/PathshalaProSchoolManagementSystemERP/Pathshala-Pro/node_modules/vitest/dist/chunks/cli-api.Bxr1Nn49.js:3030:58
 ❯ listOnTimeout node:internal/timers:608:17
 ❯ processTimers node:internal/timers:543:7


⎯⎯⎯⎯⎯⎯ Unhandled Error ⎯⎯⎯⎯⎯⎯⎯
Error: [vitest-pool]: Failed to start forks worker for test files D:/my project/PathshalaProSchoolManagementSystemERP/Pathshala-Pro/src/lib/class-subjects-api.test.ts.
 ❯ ../../../my%20project/PathshalaProSchoolManagementSystemERP/Pathshala-Pro/node_modules/vitest/dist/chunks/cli-api.Bxr1Nn49.js:3450:94
 ❯ runNextTicks node:internal/process/task_queues:65:5
 ❯ listOnTimeout node:internal/timers:569:9
 ❯ processTimers node:internal/timers:543:7
 ❯ Pool.schedule ../../../my%20project/PathshalaProSchoolManagementSystemERP/Pathshala-Pro/node_modules/vitest/dist/chunks/cli-api.Bxr1Nn49.js:3450:5

Caused by: Error: [vitest-pool-runner]: Timeout waiting for worker to respond
 ❯ Timeout.<anonymous> ../../../my%20project/PathshalaProSchoolManagementSystemERP/Pathshala-Pro/node_modules/vitest/dist/chunks/cli-api.Bxr1Nn49.js:3030:58
 ❯ listOnTimeout node:internal/timers:608:17
 ❯ processTimers node:internal/timers:543:7


⎯⎯⎯⎯⎯⎯ Unhandled Error ⎯⎯⎯⎯⎯⎯⎯
Error: [vitest-pool]: Failed to start forks worker for test files D:/my project/PathshalaProSchoolManagementSystemERP/Pathshala-Pro/src/lib/admin-diagnostics.test.ts.
 ❯ ../../../my%20project/PathshalaProSchoolManagementSystemERP/Pathshala-Pro/node_modules/vitest/dist/chunks/cli-api.Bxr1Nn49.js:3450:94
 ❯ runNextTicks node:internal/process/task_queues:65:5
 ❯ listOnTimeout node:internal/timers:569:9
 ❯ processTimers node:internal/timers:543:7
 ❯ Pool.schedule ../../../my%20project/PathshalaProSchoolManagementSystemERP/Pathshala-Pro/node_modules/vitest/dist/chunks/cli-api.Bxr1Nn49.js:3450:5

Caused by: Error: [vitest-pool-runner]: Timeout waiting for worker to respond
 ❯ Timeout.<anonymous> ../../../my%20project/PathshalaProSchoolManagementSystemERP/Pathshala-Pro/node_modules/vitest/dist/chunks/cli-api.Bxr1Nn49.js:3030:58
 ❯ listOnTimeout node:internal/timers:608:17
 ❯ processTimers node:internal/timers:543:7


⎯⎯⎯⎯⎯⎯ Unhandled Error ⎯⎯⎯⎯⎯⎯⎯
Error: [vitest-pool]: Failed to start forks worker for test files D:/my project/PathshalaProSchoolManagementSystemERP/Pathshala-Pro/src/lib/academic-years-api.test.ts.
 ❯ ../../../my%20project/PathshalaProSchoolManagementSystemERP/Pathshala-Pro/node_modules/vitest/dist/chunks/cli-api.Bxr1Nn49.js:3450:94
 ❯ runNextTicks node:internal/process/task_queues:65:5
 ❯ listOnTimeout node:internal/timers:569:9
 ❯ processTimers node:internal/timers:543:7
 ❯ Pool.schedule ../../../my%20project/PathshalaProSchoolManagementSystemERP/Pathshala-Pro/node_modules/vitest/dist/chunks/cli-api.Bxr1Nn49.js:3450:5

Caused by: Error: [vitest-pool-runner]: Timeout waiting for worker to respond
 ❯ Timeout.<anonymous> ../../../my%20project/PathshalaProSchoolManagementSystemERP/Pathshala-Pro/node_modules/vitest/dist/chunks/cli-api.Bxr1Nn49.js:3030:58
 ❯ listOnTimeout node:internal/timers:608:17
 ❯ processTimers node:internal/timers:543:7


⎯⎯⎯⎯⎯⎯ Unhandled Error ⎯⎯⎯⎯⎯⎯⎯
Error: [vitest-pool]: Failed to start forks worker for test files D:/my project/PathshalaProSchoolManagementSystemERP/Pathshala-Pro/src/lib/subscription-login.test.ts.
 ❯ ../../../my%20project/PathshalaProSchoolManagementSystemERP/Pathshala-Pro/node_modules/vitest/dist/chunks/cli-api.Bxr1Nn49.js:3450:94
 ❯ runNextTicks node:internal/process/task_queues:65:5
 ❯ processTimers node:internal/timers:540:9
 ❯ Pool.schedule ../../../my%20project/PathshalaProSchoolManagementSystemERP/Pathshala-Pro/node_modules/vitest/dist/chunks/cli-api.Bxr1Nn49.js:3450:5

Caused by: Error: [vitest-pool-runner]: Timeout waiting for worker to respond
 ❯ Timeout.<anonymous> ../../../my%20project/PathshalaProSchoolManagementSystemERP/Pathshala-Pro/node_modules/vitest/dist/chunks/cli-api.Bxr1Nn49.js:3030:58
 ❯ listOnTimeout node:internal/timers:608:17
 ❯ processTimers node:internal/timers:543:7


⎯⎯⎯⎯⎯⎯ Unhandled Error ⎯⎯⎯⎯⎯⎯⎯
Error: [vitest-pool]: Failed to start forks worker for test files D:/my project/PathshalaProSchoolManagementSystemERP/Pathshala-Pro/src/lib/homework.test.ts.
 ❯ ../../../my%20project/PathshalaProSchoolManagementSystemERP/Pathshala-Pro/node_modules/vitest/dist/chunks/cli-api.Bxr1Nn49.js:3450:94
 ❯ runNextTicks node:internal/process/task_queues:65:5
 ❯ listOnTimeout node:internal/timers:569:9
 ❯ processTimers node:internal/timers:543:7
 ❯ Pool.schedule ../../../my%20project/PathshalaProSchoolManagementSystemERP/Pathshala-Pro/node_modules/vitest/dist/chunks/cli-api.Bxr1Nn49.js:3450:5

Caused by: Error: [vitest-pool-runner]: Timeout waiting for worker to respond
 ❯ Timeout.<anonymous> ../../../my%20project/PathshalaProSchoolManagementSystemERP/Pathshala-Pro/node_modules/vitest/dist/chunks/cli-api.Bxr1Nn49.js:3030:58
 ❯ listOnTimeout node:internal/timers:608:17
 ❯ processTimers node:internal/timers:543:7


⎯⎯⎯⎯⎯⎯ Unhandled Error ⎯⎯⎯⎯⎯⎯⎯
Error: [vitest-pool]: Failed to start forks worker for test files D:/my project/PathshalaProSchoolManagementSystemERP/Pathshala-Pro/src/lib/subscription-end-date-api.test.ts.
 ❯ ../../../my%20project/PathshalaProSchoolManagementSystemERP/Pathshala-Pro/node_modules/vitest/dist/chunks/cli-api.Bxr1Nn49.js:3450:94
 ❯ runNextTicks node:internal/process/task_queues:65:5
 ❯ listOnTimeout node:internal/timers:569:9
 ❯ processTimers node:internal/timers:543:7
 ❯ Pool.schedule ../../../my%20project/PathshalaProSchoolManagementSystemERP/Pathshala-Pro/node_modules/vitest/dist/chunks/cli-api.Bxr1Nn49.js:3450:5

Caused by: Error: [vitest-pool-runner]: Timeout waiting for worker to respond
 ❯ Timeout.<anonymous> ../../../my%20project/PathshalaProSchoolManagementSystemERP/Pathshala-Pro/node_modules/vitest/dist/chunks/cli-api.Bxr1Nn49.js:3030:58
 ❯ listOnTimeout node:internal/timers:608:17
 ❯ processTimers node:internal/timers:543:7


⎯⎯⎯⎯⎯⎯ Unhandled Error ⎯⎯⎯⎯⎯⎯⎯
Error: [vitest-pool]: Failed to start forks worker for test files D:/my project/PathshalaProSchoolManagementSystemERP/Pathshala-Pro/src/lib/student-performance.test.ts.
 ❯ ../../../my%20project/PathshalaProSchoolManagementSystemERP/Pathshala-Pro/node_modules/vitest/dist/chunks/cli-api.Bxr1Nn49.js:3450:94
 ❯ runNextTicks node:internal/process/task_queues:65:5
 ❯ listOnTimeout node:internal/timers:569:9
 ❯ processTimers node:internal/timers:543:7
 ❯ Pool.schedule ../../../my%20project/PathshalaProSchoolManagementSystemERP/Pathshala-Pro/node_modules/vitest/dist/chunks/cli-api.Bxr1Nn49.js:3450:5

Caused by: Error: [vitest-pool-runner]: Timeout waiting for worker to respond
 ❯ Timeout.<anonymous> ../../../my%20project/PathshalaProSchoolManagementSystemERP/Pathshala-Pro/node_modules/vitest/dist/chunks/cli-api.Bxr1Nn49.js:3030:58
 ❯ listOnTimeout node:internal/timers:608:17
 ❯ processTimers node:internal/timers:543:7


⎯⎯⎯⎯⎯⎯ Unhandled Error ⎯⎯⎯⎯⎯⎯⎯
Error: [vitest-pool]: Failed to start forks worker for test files D:/my project/PathshalaProSchoolManagementSystemERP/Pathshala-Pro/src/lib/reports.test.ts.
 ❯ ../../../my%20project/PathshalaProSchoolManagementSystemERP/Pathshala-Pro/node_modules/vitest/dist/chunks/cli-api.Bxr1Nn49.js:3450:94
 ❯ runNextTicks node:internal/process/task_queues:65:5
 ❯ listOnTimeout node:internal/timers:569:9
 ❯ processTimers node:internal/timers:543:7
 ❯ Pool.schedule ../../../my%20project/PathshalaProSchoolManagementSystemERP/Pathshala-Pro/node_modules/vitest/dist/chunks/cli-api.Bxr1Nn49.js:3450:5

Caused by: Error: [vitest-pool-runner]: Timeout waiting for worker to respond
 ❯ Timeout.<anonymous> ../../../my%20project/PathshalaProSchoolManagementSystemERP/Pathshala-Pro/node_modules/vitest/dist/chunks/cli-api.Bxr1Nn49.js:3030:58
 ❯ listOnTimeout node:internal/timers:608:17
 ❯ processTimers node:internal/timers:543:7


⎯⎯⎯⎯⎯⎯ Unhandled Error ⎯⎯⎯⎯⎯⎯⎯
Error: [vitest-pool]: Failed to start forks worker for test files D:/my project/PathshalaProSchoolManagementSystemERP/Pathshala-Pro/src/lib/timetable-service.test.ts.
 ❯ ../../../my%20project/PathshalaProSchoolManagementSystemERP/Pathshala-Pro/node_modules/vitest/dist/chunks/cli-api.Bxr1Nn49.js:3450:94
 ❯ runNextTicks node:internal/process/task_queues:65:5
 ❯ listOnTimeout node:internal/timers:569:9
 ❯ processTimers node:internal/timers:543:7
 ❯ Pool.schedule ../../../my%20project/PathshalaProSchoolManagementSystemERP/Pathshala-Pro/node_modules/vitest/dist/chunks/cli-api.Bxr1Nn49.js:3450:5

Caused by: Error: [vitest-pool-runner]: Timeout waiting for worker to respond
 ❯ Timeout.<anonymous> ../../../my%20project/PathshalaProSchoolManagementSystemERP/Pathshala-Pro/node_modules/vitest/dist/chunks/cli-api.Bxr1Nn49.js:3030:58
 ❯ listOnTimeout node:internal/timers:608:17
 ❯ processTimers node:internal/timers:543:7


⎯⎯⎯⎯⎯⎯ Unhandled Error ⎯⎯⎯⎯⎯⎯⎯
Error: [vitest-pool]: Failed to start forks worker for test files D:/my project/PathshalaProSchoolManagementSystemERP/Pathshala-Pro/src/lib/superadmin-service.test.ts.
 ❯ ../../../my%20project/PathshalaProSchoolManagementSystemERP/Pathshala-Pro/node_modules/vitest/dist/chunks/cli-api.Bxr1Nn49.js:3450:94
 ❯ runNextTicks node:internal/process/task_queues:65:5
 ❯ listOnTimeout node:internal/timers:569:9
 ❯ processTimers node:internal/timers:543:7
 ❯ Pool.schedule ../../../my%20project/PathshalaProSchoolManagementSystemERP/Pathshala-Pro/node_modules/vitest/dist/chunks/cli-api.Bxr1Nn49.js:3450:5

Caused by: Error: [vitest-pool-runner]: Timeout waiting for worker to respond
 ❯ Timeout.<anonymous> ../../../my%20project/PathshalaProSchoolManagementSystemERP/Pathshala-Pro/node_modules/vitest/dist/chunks/cli-api.Bxr1Nn49.js:3030:58
 ❯ listOnTimeout node:internal/timers:608:17
 ❯ processTimers node:internal/timers:543:7


⎯⎯⎯⎯⎯⎯ Unhandled Error ⎯⎯⎯⎯⎯⎯⎯
Error: [vitest-pool]: Failed to start forks worker for test files D:/my project/PathshalaProSchoolManagementSystemERP/Pathshala-Pro/src/lib/universal-error-formatting.test.ts.
 ❯ ../../../my%20project/PathshalaProSchoolManagementSystemERP/Pathshala-Pro/node_modules/vitest/dist/chunks/cli-api.Bxr1Nn49.js:3450:94
 ❯ runNextTicks node:internal/process/task_queues:65:5
 ❯ listOnTimeout node:internal/timers:569:9
 ❯ processTimers node:internal/timers:543:7
 ❯ Pool.schedule ../../../my%20project/PathshalaProSchoolManagementSystemERP/Pathshala-Pro/node_modules/vitest/dist/chunks/cli-api.Bxr1Nn49.js:3450:5

Caused by: Error: [vitest-pool-runner]: Timeout waiting for worker to respond
 ❯ Timeout.<anonymous> ../../../my%20project/PathshalaProSchoolManagementSystemERP/Pathshala-Pro/node_modules/vitest/dist/chunks/cli-api.Bxr1Nn49.js:3030:58
 ❯ listOnTimeout node:internal/timers:608:17
 ❯ processTimers node:internal/timers:543:7


⎯⎯⎯⎯⎯⎯ Unhandled Error ⎯⎯⎯⎯⎯⎯⎯
Error: [vitest-pool]: Failed to start forks worker for test files D:/my project/PathshalaProSchoolManagementSystemERP/Pathshala-Pro/src/lib/question-paper-studio/exam-paper-adapter.test.ts.
 ❯ ../../../my%20project/PathshalaProSchoolManagementSystemERP/Pathshala-Pro/node_modules/vitest/dist/chunks/cli-api.Bxr1Nn49.js:3450:94
 ❯ runNextTicks node:internal/process/task_queues:65:5
 ❯ listOnTimeout node:internal/timers:569:9
 ❯ processTimers node:internal/timers:543:7
 ❯ Pool.schedule ../../../my%20project/PathshalaProSchoolManagementSystemERP/Pathshala-Pro/node_modules/vitest/dist/chunks/cli-api.Bxr1Nn49.js:3450:5

Caused by: Error: [vitest-pool-runner]: Timeout waiting for worker to respond
 ❯ Timeout.<anonymous> ../../../my%20project/PathshalaProSchoolManagementSystemERP/Pathshala-Pro/node_modules/vitest/dist/chunks/cli-api.Bxr1Nn49.js:3030:58
 ❯ listOnTimeout node:internal/timers:608:17
 ❯ processTimers node:internal/timers:543:7


⎯⎯⎯⎯⎯⎯ Unhandled Error ⎯⎯⎯⎯⎯⎯⎯
Error: [vitest-pool]: Failed to start forks worker for test files D:/my project/PathshalaProSchoolManagementSystemERP/Pathshala-Pro/src/lib/tenant-provisioning.test.ts.
 ❯ ../../../my%20project/PathshalaProSchoolManagementSystemERP/Pathshala-Pro/node_modules/vitest/dist/chunks/cli-api.Bxr1Nn49.js:3450:94
 ❯ runNextTicks node:internal/process/task_queues:65:5
 ❯ listOnTimeout node:internal/timers:569:9
 ❯ processTimers node:internal/timers:543:7
 ❯ Pool.schedule ../../../my%20project/PathshalaProSchoolManagementSystemERP/Pathshala-Pro/node_modules/vitest/dist/chunks/cli-api.Bxr1Nn49.js:3450:5

Caused by: Error: [vitest-pool-runner]: Timeout waiting for worker to respond
 ❯ Timeout.<anonymous> ../../../my%20project/PathshalaProSchoolManagementSystemERP/Pathshala-Pro/node_modules/vitest/dist/chunks/cli-api.Bxr1Nn49.js:3030:58
 ❯ listOnTimeout node:internal/timers:608:17
 ❯ processTimers node:internal/timers:543:7


⎯⎯⎯⎯⎯⎯ Unhandled Error ⎯⎯⎯⎯⎯⎯⎯
Error: [vitest-pool]: Failed to start forks worker for test files D:/my project/PathshalaProSchoolManagementSystemERP/Pathshala-Pro/src/lib/tenant-modules.test.ts.
 ❯ ../../../my%20project/PathshalaProSchoolManagementSystemERP/Pathshala-Pro/node_modules/vitest/dist/chunks/cli-api.Bxr1Nn49.js:3450:94
 ❯ runNextTicks node:internal/process/task_queues:65:5
 ❯ listOnTimeout node:internal/timers:569:9
 ❯ processTimers node:internal/timers:543:7
 ❯ Pool.schedule ../../../my%20project/PathshalaProSchoolManagementSystemERP/Pathshala-Pro/node_modules/vitest/dist/chunks/cli-api.Bxr1Nn49.js:3450:5

Caused by: Error: [vitest-pool-runner]: Timeout waiting for worker to respond
 ❯ Timeout.<anonymous> ../../../my%20project/PathshalaProSchoolManagementSystemERP/Pathshala-Pro/node_modules/vitest/dist/chunks/cli-api.Bxr1Nn49.js:3030:58
 ❯ listOnTimeout node:internal/timers:608:17
 ❯ processTimers node:internal/timers:543:7


⎯⎯⎯⎯⎯⎯ Unhandled Error ⎯⎯⎯⎯⎯⎯⎯
Error: [vitest-pool]: Failed to start forks worker for test files D:/my project/PathshalaProSchoolManagementSystemERP/Pathshala-Pro/src/app/(dashboard)/layout.test.tsx.
 ❯ ../../../my%20project/PathshalaProSchoolManagementSystemERP/Pathshala-Pro/node_modules/vitest/dist/chunks/cli-api.Bxr1Nn49.js:3450:94
 ❯ runNextTicks node:internal/process/task_queues:65:5
 ❯ listOnTimeout node:internal/timers:569:9
 ❯ processTimers node:internal/timers:543:7
 ❯ Pool.schedule ../../../my%20project/PathshalaProSchoolManagementSystemERP/Pathshala-Pro/node_modules/vitest/dist/chunks/cli-api.Bxr1Nn49.js:3450:5

Caused by: Error: [vitest-pool-runner]: Timeout waiting for worker to respond
 ❯ Timeout.<anonymous> ../../../my%20project/PathshalaProSchoolManagementSystemERP/Pathshala-Pro/node_modules/vitest/dist/chunks/cli-api.Bxr1Nn49.js:3030:58
 ❯ listOnTimeout node:internal/timers:608:17
 ❯ processTimers node:internal/timers:543:7


⎯⎯⎯⎯⎯⎯ Unhandled Error ⎯⎯⎯⎯⎯⎯⎯
Error: [vitest-pool]: Failed to start forks worker for test files D:/my project/PathshalaProSchoolManagementSystemERP/Pathshala-Pro/src/lib/fee-service.test.ts.
 ❯ ../../../my%20project/PathshalaProSchoolManagementSystemERP/Pathshala-Pro/node_modules/vitest/dist/chunks/cli-api.Bxr1Nn49.js:3450:94
 ❯ runNextTicks node:internal/process/task_queues:65:5
 ❯ listOnTimeout node:internal/timers:569:9
 ❯ processTimers node:internal/timers:543:7
 ❯ Pool.schedule ../../../my%20project/PathshalaProSchoolManagementSystemERP/Pathshala-Pro/node_modules/vitest/dist/chunks/cli-api.Bxr1Nn49.js:3450:5

Caused by: Error: [vitest-pool-runner]: Timeout waiting for worker to respond
 ❯ Timeout.<anonymous> ../../../my%20project/PathshalaProSchoolManagementSystemERP/Pathshala-Pro/node_modules/vitest/dist/chunks/cli-api.Bxr1Nn49.js:3030:58
 ❯ listOnTimeout node:internal/timers:608:17
 ❯ processTimers node:internal/timers:543:7


⎯⎯⎯⎯⎯⎯ Unhandled Error ⎯⎯⎯⎯⎯⎯⎯
Error: [vitest-pool]: Failed to start forks worker for test files D:/my project/PathshalaProSchoolManagementSystemERP/Pathshala-Pro/src/lib/exam-grading.test.ts.
 ❯ ../../../my%20project/PathshalaProSchoolManagementSystemERP/Pathshala-Pro/node_modules/vitest/dist/chunks/cli-api.Bxr1Nn49.js:3450:94
 ❯ runNextTicks node:internal/process/task_queues:65:5
 ❯ listOnTimeout node:internal/timers:569:9
 ❯ processTimers node:internal/timers:543:7
 ❯ Pool.schedule ../../../my%20project/PathshalaProSchoolManagementSystemERP/Pathshala-Pro/node_modules/vitest/dist/chunks/cli-api.Bxr1Nn49.js:3450:5

Caused by: Error: [vitest-pool-runner]: Timeout waiting for worker to respond
 ❯ Timeout.<anonymous> ../../../my%20project/PathshalaProSchoolManagementSystemERP/Pathshala-Pro/node_modules/vitest/dist/chunks/cli-api.Bxr1Nn49.js:3030:58
 ❯ listOnTimeout node:internal/timers:608:17
 ❯ processTimers node:internal/timers:543:7


⎯⎯⎯⎯⎯⎯ Unhandled Error ⎯⎯⎯⎯⎯⎯⎯
Error: [vitest-pool]: Failed to start forks worker for test files D:/my project/PathshalaProSchoolManagementSystemERP/Pathshala-Pro/src/lib/fee-structures.test.ts.
 ❯ ../../../my%20project/PathshalaProSchoolManagementSystemERP/Pathshala-Pro/node_modules/vitest/dist/chunks/cli-api.Bxr1Nn49.js:3450:94
 ❯ runNextTicks node:internal/process/task_queues:65:5
 ❯ listOnTimeout node:internal/timers:569:9
 ❯ processTimers node:internal/timers:543:7
 ❯ Pool.schedule ../../../my%20project/PathshalaProSchoolManagementSystemERP/Pathshala-Pro/node_modules/vitest/dist/chunks/cli-api.Bxr1Nn49.js:3450:5

Caused by: Error: [vitest-pool-runner]: Timeout waiting for worker to respond
 ❯ Timeout.<anonymous> ../../../my%20project/PathshalaProSchoolManagementSystemERP/Pathshala-Pro/node_modules/vitest/dist/chunks/cli-api.Bxr1Nn49.js:3030:58
 ❯ listOnTimeout node:internal/timers:608:17
 ❯ processTimers node:internal/timers:543:7


⎯⎯⎯⎯⎯⎯ Unhandled Error ⎯⎯⎯⎯⎯⎯⎯
Error: [vitest-pool]: Failed to start forks worker for test files D:/my project/PathshalaProSchoolManagementSystemERP/Pathshala-Pro/src/lib/math-integrity.test.ts.
 ❯ ../../../my%20project/PathshalaProSchoolManagementSystemERP/Pathshala-Pro/node_modules/vitest/dist/chunks/cli-api.Bxr1Nn49.js:3450:94
 ❯ runNextTicks node:internal/process/task_queues:65:5
 ❯ processTimers node:internal/timers:540:9
 ❯ Pool.schedule ../../../my%20project/PathshalaProSchoolManagementSystemERP/Pathshala-Pro/node_modules/vitest/dist/chunks/cli-api.Bxr1Nn49.js:3450:5

Caused by: Error: [vitest-pool-runner]: Timeout waiting for worker to respond
 ❯ Timeout.<anonymous> ../../../my%20project/PathshalaProSchoolManagementSystemERP/Pathshala-Pro/node_modules/vitest/dist/chunks/cli-api.Bxr1Nn49.js:3030:58
 ❯ listOnTimeout node:internal/timers:608:17
 ❯ processTimers node:internal/timers:543:7

⎯⎯⎯⎯⎯⎯⎯⎯⎯⎯⎯⎯⎯⎯⎯⎯⎯⎯⎯⎯⎯⎯⎯⎯⎯⎯⎯⎯⎯⎯


[2m Test Files [22m [1m[31m1 failed[39m[22m[2m | [22m[1m[32m47 passed[39m[22m[90m (48)[39m
[2m      Tests [22m [1m[31m1 failed[39m[22m[2m | [22m[1m[32m356 passed[39m[22m[90m (357)[39m
[2m     Errors [22m [1m[31m26 errors[39m[22m
[2m   Start at [22m 18:58:28
[2m   Duration [22m 732.41s[2m (transform 13.14s, setup 0ms, import 3247.23s, tests 224.07s, environment 218.46s)[22m

